0 verbose cli D:\Node js installe\node.exe C:\Users\DELL\AppData\Roaming\npm\node_modules\npm\bin\npm-cli.js
1 info using npm@11.0.0
2 info using node@v22.12.0
3 silly config load:file:C:\Users\DELL\AppData\Roaming\npm\node_modules\npm\npmrc
4 silly config load:file:D:\crop_site\frontend\.npmrc
5 silly config load:file:C:\Users\DELL\.npmrc
6 silly config load:file:C:\Users\DELL\AppData\Roaming\npm\etc\npmrc
7 verbose title npm install tailwindcss postcss autoprefixer
8 verbose argv "install" "--save-dev" "tailwindcss" "postcss" "autoprefixer" "--cache" "d:\\crop_site\\npm-cache"
9 verbose logfile logs-max:10 dir:d:\crop_site\npm-cache\_logs\2026-05-24T13_50_21_341Z-
10 verbose logfile d:\crop_site\npm-cache\_logs\2026-05-24T13_50_21_341Z-debug-0.log
11 silly logfile done cleaning log files
12 silly packumentCache heap:4345298944 maxSize:1086324736 maxEntrySize:543162368
13 silly idealTree buildDeps
14 silly fetch manifest tailwindcss@*
15 silly packumentCache full:https://registry.npmjs.org/tailwindcss cache-miss
16 http fetch GET 200 https://registry.npmjs.org/tailwindcss 619ms (cache miss)
17 silly packumentCache full:https://registry.npmjs.org/tailwindcss set size:undefined disposed:false
18 silly fetch manifest postcss@*
19 silly packumentCache full:https://registry.npmjs.org/postcss cache-miss
20 http cache https://registry.npmjs.org/postcss 50ms (cache hit)
21 silly packumentCache full:https://registry.npmjs.org/postcss set size:723316 disposed:false
22 silly fetch manifest autoprefixer@*
23 silly packumentCache full:https://registry.npmjs.org/autoprefixer cache-miss
24 http fetch GET 200 https://registry.npmjs.org/autoprefixer 120ms (cache miss)
25 silly packumentCache full:https://registry.npmjs.org/autoprefixer set size:undefined disposed:false
26 silly placeDep ROOT autoprefixer@10.5.0 OK for: frontend@0.0.0 want: *
27 silly placeDep ROOT postcss@8.5.15 REPLACE for: frontend@0.0.0 want: *
28 silly placeDep ROOT tailwindcss@4.3.0 OK for: frontend@0.0.0 want: *
29 silly fetch manifest fraction.js@^5.3.4
30 silly packumentCache full:https://registry.npmjs.org/fraction.js cache-miss
31 silly fetch manifest postcss-value-parser@^4.2.0
32 silly packumentCache full:https://registry.npmjs.org/postcss-value-parser cache-miss
33 http fetch GET 200 https://registry.npmjs.org/fraction.js 112ms (cache miss)
34 silly packumentCache full:https://registry.npmjs.org/fraction.js set size:undefined disposed:false
35 http fetch GET 200 https://registry.npmjs.org/postcss-value-parser 141ms (cache miss)
36 silly packumentCache full:https://registry.npmjs.org/postcss-value-parser set size:undefined disposed:false
37 silly placeDep ROOT fraction.js@5.3.4 OK for: autoprefixer@10.5.0 want: ^5.3.4
38 silly placeDep ROOT postcss-value-parser@4.2.0 OK for: autoprefixer@10.5.0 want: ^4.2.0
39 warn EBADENGINE Unsupported engine {
39 warn EBADENGINE   package: '@eslint/config-array@0.23.5',
39 warn EBADENGINE   required: { node: '^20.19.0 || ^22.13.0 || >=24' },
39 warn EBADENGINE   current: { node: 'v22.12.0', npm: '11.0.0' }
39 warn EBADENGINE }
40 warn EBADENGINE Unsupported engine {
40 warn EBADENGINE   package: '@eslint/config-helpers@0.6.0',
40 warn EBADENGINE   required: { node: '^20.19.0 || ^22.13.0 || >=24' },
40 warn EBADENGINE   current: { node: 'v22.12.0', npm: '11.0.0' }
40 warn EBADENGINE }
41 warn EBADENGINE Unsupported engine {
41 warn EBADENGINE   package: '@eslint/core@1.2.1',
41 warn EBADENGINE   required: { node: '^20.19.0 || ^22.13.0 || >=24' },
41 warn EBADENGINE   current: { node: 'v22.12.0', npm: '11.0.0' }
41 warn EBADENGINE }
42 warn EBADENGINE Unsupported engine {
42 warn EBADENGINE   package: '@eslint/js@10.0.1',
42 warn EBADENGINE   required: { node: '^20.19.0 || ^22.13.0 || >=24' },
42 warn EBADENGINE   current: { node: 'v22.12.0', npm: '11.0.0' }
42 warn EBADENGINE }
43 warn EBADENGINE Unsupported engine {
43 warn EBADENGINE   package: '@eslint/object-schema@3.0.5',
43 warn EBADENGINE   required: { node: '^20.19.0 || ^22.13.0 || >=24' },
43 warn EBADENGINE   current: { node: 'v22.12.0', npm: '11.0.0' }
43 warn EBADENGINE }
44 warn EBADENGINE Unsupported engine {
44 warn EBADENGINE   package: '@eslint/plugin-kit@0.7.1',
44 warn EBADENGINE   required: { node: '^20.19.0 || ^22.13.0 || >=24' },
44 warn EBADENGINE   current: { node: 'v22.12.0', npm: '11.0.0' }
44 warn EBADENGINE }
45 warn EBADENGINE Unsupported engine {
45 warn EBADENGINE   package: 'eslint@10.4.0',
45 warn EBADENGINE   required: { node: '^20.19.0 || ^22.13.0 || >=24' },
45 warn EBADENGINE   current: { node: 'v22.12.0', npm: '11.0.0' }
45 warn EBADENGINE }
46 warn EBADENGINE Unsupported engine {
46 warn EBADENGINE   package: 'eslint-scope@9.1.2',
46 warn EBADENGINE   required: { node: '^20.19.0 || ^22.13.0 || >=24' },
46 warn EBADENGINE   current: { node: 'v22.12.0', npm: '11.0.0' }
46 warn EBADENGINE }
47 warn EBADENGINE Unsupported engine {
47 warn EBADENGINE   package: 'eslint-visitor-keys@5.0.1',
47 warn EBADENGINE   required: { node: '^20.19.0 || ^22.13.0 || >=24' },
47 warn EBADENGINE   current: { node: 'v22.12.0', npm: '11.0.0' }
47 warn EBADENGINE }
48 warn EBADENGINE Unsupported engine {
48 warn EBADENGINE   package: 'espree@11.2.0',
48 warn EBADENGINE   required: { node: '^20.19.0 || ^22.13.0 || >=24' },
48 warn EBADENGINE   current: { node: 'v22.12.0', npm: '11.0.0' }
48 warn EBADENGINE }
49 silly reify moves {}
50 silly audit bulk request {
50 silly audit   '@babel/code-frame': [ '7.29.0' ],
50 silly audit   '@babel/compat-data': [ '7.29.3' ],
50 silly audit   '@babel/core': [ '7.29.0' ],
50 silly audit   '@babel/generator': [ '7.29.1' ],
50 silly audit   '@babel/helper-compilation-targets': [ '7.28.6' ],
50 silly audit   '@babel/helper-globals': [ '7.28.0' ],
50 silly audit   '@babel/helper-module-imports': [ '7.28.6' ],
50 silly audit   '@babel/helper-module-transforms': [ '7.28.6' ],
50 silly audit   '@babel/helper-string-parser': [ '7.27.1' ],
50 silly audit   '@babel/helper-validator-identifier': [ '7.28.5' ],
50 silly audit   '@babel/helper-validator-option': [ '7.27.1' ],
50 silly audit   '@babel/helpers': [ '7.29.2' ],
50 silly audit   '@babel/parser': [ '7.29.3' ],
50 silly audit   '@babel/template': [ '7.28.6' ],
50 silly audit   '@babel/traverse': [ '7.29.0' ],
50 silly audit   '@babel/types': [ '7.29.0' ],
50 silly audit   '@emnapi/core': [ '1.10.0' ],
50 silly audit   '@emnapi/runtime': [ '1.10.0' ],
50 silly audit   '@emnapi/wasi-threads': [ '1.2.1' ],
50 silly audit   '@eslint-community/eslint-utils': [ '4.9.1' ],
50 silly audit   'eslint-visitor-keys': [ '3.4.3', '5.0.1' ],
50 silly audit   '@eslint-community/regexpp': [ '4.12.2' ],
50 silly audit   '@eslint/config-array': [ '0.23.5' ],
50 silly audit   '@eslint/config-helpers': [ '0.6.0' ],
50 silly audit   '@eslint/core': [ '1.2.1' ],
50 silly audit   '@eslint/js': [ '10.0.1' ],
50 silly audit   '@eslint/object-schema': [ '3.0.5' ],
50 silly audit   '@eslint/plugin-kit': [ '0.7.1' ],
50 silly audit   '@humanfs/core': [ '0.19.2' ],
50 silly audit   '@humanfs/node': [ '0.16.8' ],
50 silly audit   '@humanfs/types': [ '0.15.0' ],
50 silly audit   '@humanwhocodes/module-importer': [ '1.0.1' ],
50 silly audit   '@humanwhocodes/retry': [ '0.4.3' ],
50 silly audit   '@jridgewell/gen-mapping': [ '0.3.13' ],
50 silly audit   '@jridgewell/remapping': [ '2.3.5' ],
50 silly audit   '@jridgewell/resolve-uri': [ '3.1.2' ],
50 silly audit   '@jridgewell/sourcemap-codec': [ '1.5.5' ],
50 silly audit   '@jridgewell/trace-mapping': [ '0.3.31' ],
50 silly audit   '@napi-rs/wasm-runtime': [ '1.1.4' ],
50 silly audit   '@oxc-project/types': [ '0.132.0' ],
50 silly audit   '@rolldown/binding-android-arm64': [ '1.0.2' ],
50 silly audit   '@rolldown/binding-darwin-arm64': [ '1.0.2' ],
50 silly audit   '@rolldown/binding-darwin-x64': [ '1.0.2' ],
50 silly audit   '@rolldown/binding-freebsd-x64': [ '1.0.2' ],
50 silly audit   '@rolldown/binding-linux-arm-gnueabihf': [ '1.0.2' ],
50 silly audit   '@rolldown/binding-linux-arm64-gnu': [ '1.0.2' ],
50 silly audit   '@rolldown/binding-linux-arm64-musl': [ '1.0.2' ],
50 silly audit   '@rolldown/binding-linux-ppc64-gnu': [ '1.0.2' ],
50 silly audit   '@rolldown/binding-linux-s390x-gnu': [ '1.0.2' ],
50 silly audit   '@rolldown/binding-linux-x64-gnu': [ '1.0.2' ],
50 silly audit   '@rolldown/binding-linux-x64-musl': [ '1.0.2' ],
50 silly audit   '@rolldown/binding-openharmony-arm64': [ '1.0.2' ],
50 silly audit   '@rolldown/binding-wasm32-wasi': [ '1.0.2' ],
50 silly audit   '@rolldown/binding-win32-arm64-msvc': [ '1.0.2' ],
50 silly audit   '@rolldown/binding-win32-x64-msvc': [ '1.0.2' ],
50 silly audit   '@rolldown/pluginutils': [ '1.0.1' ],
50 silly audit   '@tybys/wasm-util': [ '0.10.2' ],
50 silly audit   '@types/esrecurse': [ '4.3.1' ],
50 silly audit   '@types/estree': [ '1.0.9' ],
50 silly audit   '@types/json-schema': [ '7.0.15' ],
50 silly audit   '@types/react': [ '19.2.15' ],
50 silly audit   '@types/react-dom': [ '19.2.3' ],
50 silly audit   '@vitejs/plugin-react': [ '6.0.2' ],
50 silly audit   acorn: [ '8.16.0' ],
50 silly audit   'acorn-jsx': [ '5.3.2' ],
50 silly audit   ajv: [ '6.15.0' ],
50 silly audit   'balanced-match': [ '4.0.4' ],
50 silly audit   'baseline-browser-mapping': [ '2.10.32' ],
50 silly audit   'brace-expansion': [ '5.0.6' ],
50 silly audit   browserslist: [ '4.28.2' ],
50 silly audit   'caniuse-lite': [ '1.0.30001793' ],
50 silly audit   'convert-source-map': [ '2.0.0' ],
50 silly audit   'cross-spawn': [ '7.0.6' ],
50 silly audit   csstype: [ '3.2.3' ],
50 silly audit   debug: [ '4.4.3' ],
50 silly audit   'deep-is': [ '0.1.4' ],
50 silly audit   'detect-libc': [ '2.1.2' ],
50 silly audit   'electron-to-chromium': [ '1.5.361' ],
50 silly audit   escalade: [ '3.2.0' ],
50 silly audit   'escape-string-regexp': [ '4.0.0' ],
50 silly audit   eslint: [ '10.4.0' ],
50 silly audit   'eslint-plugin-react-hooks': [ '7.1.1' ],
50 silly audit   'eslint-plugin-react-refresh': [ '0.5.2' ],
50 silly audit   'eslint-scope': [ '9.1.2' ],
50 silly audit   espree: [ '11.2.0' ],
50 silly audit   esquery: [ '1.7.0' ],
50 silly audit   esrecurse: [ '4.3.0' ],
50 silly audit   estraverse: [ '5.3.0' ],
50 silly audit   esutils: [ '2.0.3' ],
50 silly audit   'fast-deep-equal': [ '3.1.3' ],
50 silly audit   'fast-json-stable-stringify': [ '2.1.0' ],
50 silly audit   'fast-levenshtein': [ '2.0.6' ],
50 silly audit   fdir: [ '6.5.0' ],
50 silly audit   'file-entry-cache': [ '8.0.0' ],
50 silly audit   'find-up': [ '5.0.0' ],
50 silly audit   'flat-cache': [ '4.0.1' ],
50 silly audit   flatted: [ '3.4.2' ],
50 silly audit   fsevents: [ '2.3.3' ],
50 silly audit   gensync: [ '1.0.0-beta.2' ],
50 silly audit   'glob-parent': [ '6.0.2' ],
50 silly audit   globals: [ '17.6.0' ],
50 silly audit   'hermes-estree': [ '0.25.1' ],
50 silly audit   'hermes-parser': [ '0.25.1' ],
50 silly audit   ignore: [ '5.3.2' ],
50 silly audit   imurmurhash: [ '0.1.4' ],
50 silly audit   'is-extglob': [ '2.1.1' ],
50 silly audit   'is-glob': [ '4.0.3' ],
50 silly audit   isexe: [ '2.0.0' ],
50 silly audit   'js-tokens': [ '4.0.0' ],
50 silly audit   jsesc: [ '3.1.0' ],
50 silly audit   'json-buffer': [ '3.0.1' ],
50 silly audit   'json-schema-traverse': [ '0.4.1' ],
50 silly audit   'json-stable-stringify-without-jsonify': [ '1.0.1' ],
50 silly audit   json5: [ '2.2.3' ],
50 silly audit   keyv: [ '4.5.4' ],
50 silly audit   levn: [ '0.4.1' ],
50 silly audit   lightningcss: [ '1.32.0' ],
50 silly audit   'lightningcss-android-arm64': [ '1.32.0' ],
50 silly audit   'lightningcss-darwin-arm64': [ '1.32.0' ],
50 silly audit   'lightningcss-darwin-x64': [ '1.32.0' ],
50 silly audit   'lightningcss-freebsd-x64': [ '1.32.0' ],
50 silly audit   'lightningcss-linux-arm-gnueabihf': [ '1.32.0' ],
50 silly audit   'lightningcss-linux-arm64-gnu': [ '1.32.0' ],
50 silly audit   'lightningcss-linux-arm64-musl': [ '1.32.0' ],
50 silly audit   'lightningcss-linux-x64-gnu': [ '1.32.0' ],
50 silly audit   'lightningcss-linux-x64-musl': [ '1.32.0' ],
50 silly audit   'lightningcss-win32-arm64-msvc': [ '1.32.0' ],
50 silly audit   'lightningcss-win32-x64-msvc': [ '1.32.0' ],
50 silly audit   'locate-path': [ '6.0.0' ],
50 silly audit   'lru-cache': [ '5.1.1' ],
50 silly audit   'lucide-react': [ '1.16.0' ],
50 silly audit   minimatch: [ '10.2.5' ],
50 silly audit   ms: [ '2.1.3' ],
50 silly audit   nanoid: [ '3.3.12' ],
50 silly audit   'natural-compare': [ '1.4.0' ],
50 silly audit   'node-releases': [ '2.0.46' ],
50 silly audit   optionator: [ '0.9.4' ],
50 silly audit   'p-limit': [ '3.1.0' ],
50 silly audit   'p-locate': [ '5.0.0' ],
50 silly audit   'path-exists': [ '4.0.0' ],
50 silly audit   'path-key': [ '3.1.1' ],
50 silly audit   picocolors: [ '1.1.1' ],
50 silly audit   picomatch: [ '4.0.4' ],
50 silly audit   'prelude-ls': [ '1.2.1' ],
50 silly audit   punycode: [ '2.3.1' ],
50 silly audit   react: [ '19.2.6' ],
50 silly audit   'react-dom': [ '19.2.6' ],
50 silly audit   rolldown: [ '1.0.2' ],
50 silly audit   scheduler: [ '0.27.0' ],
50 silly audit   semver: [ '6.3.1' ],
50 silly audit   'shebang-command': [ '2.0.0' ],
50 silly audit   'shebang-regex': [ '3.0.0' ],
50 silly audit   'source-map-js': [ '1.2.1' ],
50 silly audit   tinyglobby: [ '0.2.16' ],
50 silly audit   tslib: [ '2.8.1' ],
50 silly audit   'type-check': [ '0.4.0' ],
50 silly audit   'update-browserslist-db': [ '1.2.3' ],
50 silly audit   'uri-js': [ '4.4.1' ],
50 silly audit   vite: [ '8.0.14' ],
50 silly audit   which: [ '2.0.2' ],
50 silly audit   'word-wrap': [ '1.2.5' ],
50 silly audit   yallist: [ '3.1.1' ],
50 silly audit   'yocto-queue': [ '0.1.0' ],
50 silly audit   zod: [ '4.4.3' ],
50 silly audit   'zod-validation-error': [ '4.0.2' ],
50 silly audit   autoprefixer: [ '10.5.0' ],
50 silly audit   postcss: [ '8.5.15' ],
50 silly audit   tailwindcss: [ '4.3.0' ],
50 silly audit   'fraction.js': [ '5.3.4' ],
50 silly audit   'postcss-value-parser': [ '4.2.0' ]
50 silly audit }
51 verbose reify failed optional dependency D:\crop_site\frontend\node_modules\lightningcss-win32-arm64-msvc
52 silly reify mark deleted [
52 silly reify   'D:\\crop_site\\frontend\\node_modules\\lightningcss-win32-arm64-msvc'
52 silly reify ]
53 verbose reify failed optional dependency D:\crop_site\frontend\node_modules\lightningcss-linux-x64-musl
54 silly reify mark deleted [
54 silly reify   'D:\\crop_site\\frontend\\node_modules\\lightningcss-linux-x64-musl'
54 silly reify ]
55 verbose reify failed optional dependency D:\crop_site\frontend\node_modules\lightningcss-linux-x64-gnu
56 silly reify mark deleted [ 'D:\\crop_site\\frontend\\node_modules\\lightningcss-linux-x64-gnu' ]
57 verbose reify failed optional dependency D:\crop_site\frontend\node_modules\lightningcss-linux-arm64-musl
58 silly reify mark deleted [
58 silly reify   'D:\\crop_site\\frontend\\node_modules\\lightningcss-linux-arm64-musl'
58 silly reify ]
59 verbose reify failed optional dependency D:\crop_site\frontend\node_modules\lightningcss-linux-arm64-gnu
60 silly reify mark deleted [
60 silly reify   'D:\\crop_site\\frontend\\node_modules\\lightningcss-linux-arm64-gnu'
60 silly reify ]
61 verbose reify failed optional dependency D:\crop_site\frontend\node_modules\lightningcss-linux-arm-gnueabihf
62 silly reify mark deleted [
62 silly reify   'D:\\crop_site\\frontend\\node_modules\\lightningcss-linux-arm-gnueabihf'
62 silly reify ]
63 verbose reify failed optional dependency D:\crop_site\frontend\node_modules\lightningcss-freebsd-x64
64 silly reify mark deleted [ 'D:\\crop_site\\frontend\\node_modules\\lightningcss-freebsd-x64' ]
65 verbose reify failed optional dependency D:\crop_site\frontend\node_modules\lightningcss-darwin-x64
66 silly reify mark deleted [ 'D:\\crop_site\\frontend\\node_modules\\lightningcss-darwin-x64' ]
67 verbose reify failed optional dependency D:\crop_site\frontend\node_modules\lightningcss-darwin-arm64
68 silly reify mark deleted [ 'D:\\crop_site\\frontend\\node_modules\\lightningcss-darwin-arm64' ]
69 verbose reify failed optional dependency D:\crop_site\frontend\node_modules\lightningcss-android-arm64
70 silly reify mark deleted [ 'D:\\crop_site\\frontend\\node_modules\\lightningcss-android-arm64' ]
71 verbose reify failed optional dependency D:\crop_site\frontend\node_modules\fsevents
72 silly reify mark deleted [ 'D:\\crop_site\\frontend\\node_modules\\fsevents' ]
73 verbose reify failed optional dependency D:\crop_site\frontend\node_modules\@rolldown\binding-win32-arm64-msvc
74 silly reify mark deleted [
74 silly reify   'D:\\crop_site\\frontend\\node_modules\\@rolldown\\binding-win32-arm64-msvc'
74 silly reify ]
75 verbose reify failed optional dependency D:\crop_site\frontend\node_modules\@rolldown\binding-wasm32-wasi
76 silly reify mark deleted [
76 silly reify   'D:\\crop_site\\frontend\\node_modules\\@rolldown\\binding-wasm32-wasi'
76 silly reify ]
77 verbose reify failed optional dependency D:\crop_site\frontend\node_modules\@emnapi\core
78 silly reify mark deleted [ 'D:\\crop_site\\frontend\\node_modules\\@emnapi\\core' ]
79 verbose reify failed optional dependency D:\crop_site\frontend\node_modules\@emnapi\runtime
80 silly reify mark deleted [ 'D:\\crop_site\\frontend\\node_modules\\@emnapi\\runtime' ]
81 verbose reify failed optional dependency D:\crop_site\frontend\node_modules\@napi-rs\wasm-runtime
82 silly reify mark deleted [ 'D:\\crop_site\\frontend\\node_modules\\@napi-rs\\wasm-runtime' ]
83 verbose reify failed optional dependency D:\crop_site\frontend\node_modules\@emnapi\wasi-threads
84 silly reify mark deleted [ 'D:\\crop_site\\frontend\\node_modules\\@emnapi\\wasi-threads' ]
85 verbose reify failed optional dependency D:\crop_site\frontend\node_modules\tslib
86 silly reify mark deleted [ 'D:\\crop_site\\frontend\\node_modules\\tslib' ]
87 verbose reify failed optional dependency D:\crop_site\frontend\node_modules\@tybys\wasm-util
88 silly reify mark deleted [ 'D:\\crop_site\\frontend\\node_modules\\@tybys\\wasm-util' ]
89 verbose reify failed optional dependency D:\crop_site\frontend\node_modules\@rolldown\binding-openharmony-arm64
90 silly reify mark deleted [
90 silly reify   'D:\\crop_site\\frontend\\node_modules\\@rolldown\\binding-openharmony-arm64'
90 silly reify ]
91 verbose reify failed optional dependency D:\crop_site\frontend\node_modules\@rolldown\binding-linux-x64-musl
92 silly reify mark deleted [
92 silly reify   'D:\\crop_site\\frontend\\node_modules\\@rolldown\\binding-linux-x64-musl'
92 silly reify ]
93 verbose reify failed optional dependency D:\crop_site\frontend\node_modules\@rolldown\binding-linux-x64-gnu
94 silly reify mark deleted [
94 silly reify   'D:\\crop_site\\frontend\\node_modules\\@rolldown\\binding-linux-x64-gnu'
94 silly reify ]
95 verbose reify failed optional dependency D:\crop_site\frontend\node_modules\@rolldown\binding-linux-s390x-gnu
96 silly reify mark deleted [
96 silly reify   'D:\\crop_site\\frontend\\node_modules\\@rolldown\\binding-linux-s390x-gnu'
96 silly reify ]
97 verbose reify failed optional dependency D:\crop_site\frontend\node_modules\@rolldown\binding-linux-ppc64-gnu
98 silly reify mark deleted [
98 silly reify   'D:\\crop_site\\frontend\\node_modules\\@rolldown\\binding-linux-ppc64-gnu'
98 silly reify ]
99 verbose reify failed optional dependency D:\crop_site\frontend\node_modules\@rolldown\binding-linux-arm64-musl
100 silly reify mark deleted [
100 silly reify   'D:\\crop_site\\frontend\\node_modules\\@rolldown\\binding-linux-arm64-musl'
100 silly reify ]
101 verbose reify failed optional dependency D:\crop_site\frontend\node_modules\@rolldown\binding-linux-arm64-gnu
102 silly reify mark deleted [
102 silly reify   'D:\\crop_site\\frontend\\node_modules\\@rolldown\\binding-linux-arm64-gnu'
102 silly reify ]
103 verbose reify failed optional dependency D:\crop_site\frontend\node_modules\@rolldown\binding-linux-arm-gnueabihf
104 silly reify mark deleted [
104 silly reify   'D:\\crop_site\\frontend\\node_modules\\@rolldown\\binding-linux-arm-gnueabihf'
104 silly reify ]
105 verbose reify failed optional dependency D:\crop_site\frontend\node_modules\@rolldown\binding-freebsd-x64
106 silly reify mark deleted [
106 silly reify   'D:\\crop_site\\frontend\\node_modules\\@rolldown\\binding-freebsd-x64'
106 silly reify ]
107 verbose reify failed optional dependency D:\crop_site\frontend\node_modules\@rolldown\binding-darwin-x64
108 silly reify mark deleted [
108 silly reify   'D:\\crop_site\\frontend\\node_modules\\@rolldown\\binding-darwin-x64'
108 silly reify ]
109 verbose reify failed optional dependency D:\crop_site\frontend\node_modules\@rolldown\binding-darwin-arm64
110 silly reify mark deleted [
110 silly reify   'D:\\crop_site\\frontend\\node_modules\\@rolldown\\binding-darwin-arm64'
110 silly reify ]
111 verbose reify failed optional dependency D:\crop_site\frontend\node_modules\@rolldown\binding-android-arm64
112 silly reify mark deleted [
112 silly reify   'D:\\crop_site\\frontend\\node_modules\\@rolldown\\binding-android-arm64'
112 silly reify ]
113 http cache fraction.js@https://registry.npmjs.org/fraction.js/-/fraction.js-5.3.4.tgz 0ms (cache hit)
114 http cache postcss-value-parser@https://registry.npmjs.org/postcss-value-parser/-/postcss-value-parser-4.2.0.tgz 0ms (cache hit)
115 http cache tailwindcss@https://registry.npmjs.org/tailwindcss/-/tailwindcss-4.3.0.tgz 0ms (cache hit)
116 http cache autoprefixer@https://registry.npmjs.org/autoprefixer/-/autoprefixer-10.5.0.tgz 0ms (cache hit)
117 http cache @tybys/wasm-util@https://registry.npmjs.org/@tybys/wasm-util/-/wasm-util-0.10.2.tgz 0ms (cache hit)
118 http cache @napi-rs/wasm-runtime@https://registry.npmjs.org/@napi-rs/wasm-runtime/-/wasm-runtime-1.1.4.tgz 1ms (cache hit)
119 http cache tslib@https://registry.npmjs.org/tslib/-/tslib-2.8.1.tgz 0ms (cache hit)
120 http cache @emnapi/wasi-threads@https://registry.npmjs.org/@emnapi/wasi-threads/-/wasi-threads-1.2.1.tgz 0ms (cache hit)
121 silly tarball no local data for fraction.js@https://registry.npmjs.org/fraction.js/-/fraction.js-5.3.4.tgz. Extracting by manifest.
122 silly tarball no local data for postcss-value-parser@https://registry.npmjs.org/postcss-value-parser/-/postcss-value-parser-4.2.0.tgz. Extracting by manifest.
123 silly tarball no local data for tailwindcss@https://registry.npmjs.org/tailwindcss/-/tailwindcss-4.3.0.tgz. Extracting by manifest.
124 silly tarball no local data for autoprefixer@https://registry.npmjs.org/autoprefixer/-/autoprefixer-10.5.0.tgz. Extracting by manifest.
125 http cache @emnapi/runtime@https://registry.npmjs.org/@emnapi/runtime/-/runtime-1.10.0.tgz 0ms (cache hit)
126 http cache @emnapi/core@https://registry.npmjs.org/@emnapi/core/-/core-1.10.0.tgz 0ms (cache hit)
127 http fetch GET 200 https://registry.npmjs.org/postcss-value-parser/-/postcss-value-parser-4.2.0.tgz 250ms (cache miss)
128 http fetch POST 200 https://registry.npmjs.org/-/npm/v1/security/advisories/bulk 313ms
129 silly audit report {}
130 http fetch GET 200 https://registry.npmjs.org/fraction.js/-/fraction.js-5.3.4.tgz 283ms (cache miss)
131 http fetch GET 200 https://registry.npmjs.org/tailwindcss/-/tailwindcss-4.3.0.tgz 334ms (cache miss)
132 http fetch GET 200 https://registry.npmjs.org/autoprefixer/-/autoprefixer-10.5.0.tgz 396ms (cache miss)
133 silly ADD node_modules/postcss-value-parser
134 silly ADD node_modules/fraction.js
135 silly ADD node_modules/tailwindcss
136 silly ADD node_modules/autoprefixer
137 silly ADD
138 silly ADD
139 silly ADD
140 silly ADD
141 silly ADD
142 silly ADD
143 silly ADD
144 silly ADD
145 silly ADD
146 silly ADD
147 silly ADD
148 silly ADD
149 silly ADD
150 silly ADD
151 silly ADD
152 silly ADD
153 silly ADD
154 silly ADD
155 silly ADD
156 silly ADD
157 silly ADD
158 silly ADD
159 silly ADD
160 silly ADD
161 silly ADD
162 silly ADD
163 silly ADD
164 silly ADD
165 silly ADD
166 silly ADD
167 silly ADD
168 verbose cwd D:\crop_site\frontend
169 verbose os Windows_NT 10.0.26100
170 verbose node v22.12.0
171 verbose npm  v11.0.0
172 verbose exit 0
173 info ok
