0 verbose cli D:\Node js installe\node.exe C:\Users\DELL\AppData\Roaming\npm\node_modules\npm\bin\npm-cli.js
1 info using npm@11.0.0
2 info using node@v22.12.0
3 silly config load:file:C:\Users\DELL\AppData\Roaming\npm\node_modules\npm\npmrc
4 silly config load:file:D:\crop_site\frontend\.npmrc
5 silly config load:file:C:\Users\DELL\.npmrc
6 silly config load:file:C:\Users\DELL\AppData\Roaming\npm\etc\npmrc
7 verbose title npm exec tailwindcss init -p
8 verbose argv "exec" "--cache" "d:\\crop_site\\npm-cache" "--" "tailwindcss" "init" "-p"
9 verbose logfile logs-max:10 dir:d:\crop_site\npm-cache\_logs\2026-05-24T13_50_41_632Z-
10 verbose logfile d:\crop_site\npm-cache\_logs\2026-05-24T13_50_41_632Z-debug-0.log
11 silly logfile done cleaning log files
12 silly packumentCache heap:4345298944 maxSize:1086324736 maxEntrySize:543162368
13 verbose stack Error: could not determine executable to run
13 verbose stack     at getBinFromManifest (C:\Users\DELL\AppData\Roaming\npm\node_modules\npm\node_modules\libnpmexec\lib\get-bin-from-manifest.js:17:23)
13 verbose stack     at exec (C:\Users\DELL\AppData\Roaming\npm\node_modules\npm\node_modules\libnpmexec\lib\index.js:202:15)
13 verbose stack     at async Npm.exec (C:\Users\DELL\AppData\Roaming\npm\node_modules\npm\lib\npm.js:207:9)
13 verbose stack     at async module.exports (C:\Users\DELL\AppData\Roaming\npm\node_modules\npm\lib\cli\entry.js:69:5)
14 verbose pkgid tailwindcss@4.3.0
15 error could not determine executable to run
16 verbose cwd D:\crop_site\frontend
17 verbose os Windows_NT 10.0.26100
18 verbose node v22.12.0
19 verbose npm  v11.0.0
20 verbose exit 1
21 verbose code 1
22 error A complete log of this run can be found in: d:\crop_site\npm-cache\_logs\2026-05-24T13_50_41_632Z-debug-0.log
