0 verbose cli D:\Node js installe\node.exe C:\Users\DELL\AppData\Roaming\npm\node_modules\npm\bin\npm-cli.js
1 info using npm@11.0.0
2 info using node@v22.12.0
3 silly config load:file:C:\Users\DELL\AppData\Roaming\npm\node_modules\npm\npmrc
4 silly config load:file:D:\crop_site\frontend\.npmrc
5 silly config load:file:C:\Users\DELL\.npmrc
6 silly config load:file:C:\Users\DELL\AppData\Roaming\npm\etc\npmrc
7 verbose title npm install lucide-react
8 verbose argv "install" "lucide-react" "--cache" "d:\\crop_site\\npm-cache"
9 verbose logfile logs-max:10 dir:d:\crop_site\npm-cache\_logs\2026-05-24T13_49_00_269Z-
10 verbose logfile d:\crop_site\npm-cache\_logs\2026-05-24T13_49_00_269Z-debug-0.log
11 silly logfile done cleaning log files
12 silly packumentCache heap:4345298944 maxSize:1086324736 maxEntrySize:543162368
13 silly idealTree buildDeps
14 silly fetch manifest lucide-react@*
15 silly packumentCache full:https://registry.npmjs.org/lucide-react cache-miss
16 http fetch GET 200 https://registry.npmjs.org/lucide-react 358ms (cache miss)
17 silly packumentCache full:https://registry.npmjs.org/lucide-react set size:undefined disposed:false
18 silly fetch manifest react@^19.2.6
19 silly packumentCache full:https://registry.npmjs.org/react cache-miss
20 http cache https://registry.npmjs.org/react 40ms (cache hit)
21 silly packumentCache full:https://registry.npmjs.org/react set size:6650647 disposed:false
22 silly placeDep ROOT lucide-react@1.16.0 OK for: frontend@0.0.0 want: *
23 warn EBADENGINE Unsupported engine {
23 warn EBADENGINE   package: '@eslint/config-array@0.23.5',
23 warn EBADENGINE   required: { node: '^20.19.0 || ^22.13.0 || >=24' },
23 warn EBADENGINE   current: { node: 'v22.12.0', npm: '11.0.0' }
23 warn EBADENGINE }
24 warn EBADENGINE Unsupported engine {
24 warn EBADENGINE   package: '@eslint/config-helpers@0.6.0',
24 warn EBADENGINE   required: { node: '^20.19.0 || ^22.13.0 || >=24' },
24 warn EBADENGINE   current: { node: 'v22.12.0', npm: '11.0.0' }
24 warn EBADENGINE }
25 warn EBADENGINE Unsupported engine {
25 warn EBADENGINE   package: '@eslint/core@1.2.1',
25 warn EBADENGINE   required: { node: '^20.19.0 || ^22.13.0 || >=24' },
25 warn EBADENGINE   current: { node: 'v22.12.0', npm: '11.0.0' }
25 warn EBADENGINE }
26 warn EBADENGINE Unsupported engine {
26 warn EBADENGINE   package: '@eslint/js@10.0.1',
26 warn EBADENGINE   required: { node: '^20.19.0 || ^22.13.0 || >=24' },
26 warn EBADENGINE   current: { node: 'v22.12.0', npm: '11.0.0' }
26 warn EBADENGINE }
27 warn EBADENGINE Unsupported engine {
27 warn EBADENGINE   package: '@eslint/object-schema@3.0.5',
27 warn EBADENGINE   required: { node: '^20.19.0 || ^22.13.0 || >=24' },
27 warn EBADENGINE   current: { node: 'v22.12.0', npm: '11.0.0' }
27 warn EBADENGINE }
28 warn EBADENGINE Unsupported engine {
28 warn EBADENGINE   package: '@eslint/plugin-kit@0.7.1',
28 warn EBADENGINE   required: { node: '^20.19.0 || ^22.13.0 || >=24' },
28 warn EBADENGINE   current: { node: 'v22.12.0', npm: '11.0.0' }
28 warn EBADENGINE }
29 warn EBADENGINE Unsupported engine {
29 warn EBADENGINE   package: 'eslint@10.4.0',
29 warn EBADENGINE   required: { node: '^20.19.0 || ^22.13.0 || >=24' },
29 warn EBADENGINE   current: { node: 'v22.12.0', npm: '11.0.0' }
29 warn EBADENGINE }
30 warn EBADENGINE Unsupported engine {
30 warn EBADENGINE   package: 'eslint-scope@9.1.2',
30 warn EBADENGINE   required: { node: '^20.19.0 || ^22.13.0 || >=24' },
30 warn EBADENGINE   current: { node: 'v22.12.0', npm: '11.0.0' }
30 warn EBADENGINE }
31 warn EBADENGINE Unsupported engine {
31 warn EBADENGINE   package: 'eslint-visitor-keys@5.0.1',
31 warn EBADENGINE   required: { node: '^20.19.0 || ^22.13.0 || >=24' },
31 warn EBADENGINE   current: { node: 'v22.12.0', npm: '11.0.0' }
31 warn EBADENGINE }
32 warn EBADENGINE Unsupported engine {
32 warn EBADENGINE   package: 'espree@11.2.0',
32 warn EBADENGINE   required: { node: '^20.19.0 || ^22.13.0 || >=24' },
32 warn EBADENGINE   current: { node: 'v22.12.0', npm: '11.0.0' }
32 warn EBADENGINE }
33 silly reify moves {}
34 silly audit bulk request {
34 silly audit   '@babel/code-frame': [ '7.29.0' ],
34 silly audit   '@babel/compat-data': [ '7.29.3' ],
34 silly audit   '@babel/core': [ '7.29.0' ],
34 silly audit   '@babel/generator': [ '7.29.1' ],
34 silly audit   '@babel/helper-compilation-targets': [ '7.28.6' ],
34 silly audit   '@babel/helper-globals': [ '7.28.0' ],
34 silly audit   '@babel/helper-module-imports': [ '7.28.6' ],
34 silly audit   '@babel/helper-module-transforms': [ '7.28.6' ],
34 silly audit   '@babel/helper-string-parser': [ '7.27.1' ],
34 silly audit   '@babel/helper-validator-identifier': [ '7.28.5' ],
34 silly audit   '@babel/helper-validator-option': [ '7.27.1' ],
34 silly audit   '@babel/helpers': [ '7.29.2' ],
34 silly audit   '@babel/parser': [ '7.29.3' ],
34 silly audit   '@babel/template': [ '7.28.6' ],
34 silly audit   '@babel/traverse': [ '7.29.0' ],
34 silly audit   '@babel/types': [ '7.29.0' ],
34 silly audit   '@emnapi/core': [ '1.10.0' ],
34 silly audit   '@emnapi/runtime': [ '1.10.0' ],
34 silly audit   '@emnapi/wasi-threads': [ '1.2.1' ],
34 silly audit   '@eslint-community/eslint-utils': [ '4.9.1' ],
34 silly audit   'eslint-visitor-keys': [ '3.4.3', '5.0.1' ],
34 silly audit   '@eslint-community/regexpp': [ '4.12.2' ],
34 silly audit   '@eslint/config-array': [ '0.23.5' ],
34 silly audit   '@eslint/config-helpers': [ '0.6.0' ],
34 silly audit   '@eslint/core': [ '1.2.1' ],
34 silly audit   '@eslint/js': [ '10.0.1' ],
34 silly audit   '@eslint/object-schema': [ '3.0.5' ],
34 silly audit   '@eslint/plugin-kit': [ '0.7.1' ],
34 silly audit   '@humanfs/core': [ '0.19.2' ],
34 silly audit   '@humanfs/node': [ '0.16.8' ],
34 silly audit   '@humanfs/types': [ '0.15.0' ],
34 silly audit   '@humanwhocodes/module-importer': [ '1.0.1' ],
34 silly audit   '@humanwhocodes/retry': [ '0.4.3' ],
34 silly audit   '@jridgewell/gen-mapping': [ '0.3.13' ],
34 silly audit   '@jridgewell/remapping': [ '2.3.5' ],
34 silly audit   '@jridgewell/resolve-uri': [ '3.1.2' ],
34 silly audit   '@jridgewell/sourcemap-codec': [ '1.5.5' ],
34 silly audit   '@jridgewell/trace-mapping': [ '0.3.31' ],
34 silly audit   '@napi-rs/wasm-runtime': [ '1.1.4' ],
34 silly audit   '@oxc-project/types': [ '0.132.0' ],
34 silly audit   '@rolldown/binding-android-arm64': [ '1.0.2' ],
34 silly audit   '@rolldown/binding-darwin-arm64': [ '1.0.2' ],
34 silly audit   '@rolldown/binding-darwin-x64': [ '1.0.2' ],
34 silly audit   '@rolldown/binding-freebsd-x64': [ '1.0.2' ],
34 silly audit   '@rolldown/binding-linux-arm-gnueabihf': [ '1.0.2' ],
34 silly audit   '@rolldown/binding-linux-arm64-gnu': [ '1.0.2' ],
34 silly audit   '@rolldown/binding-linux-arm64-musl': [ '1.0.2' ],
34 silly audit   '@rolldown/binding-linux-ppc64-gnu': [ '1.0.2' ],
34 silly audit   '@rolldown/binding-linux-s390x-gnu': [ '1.0.2' ],
34 silly audit   '@rolldown/binding-linux-x64-gnu': [ '1.0.2' ],
34 silly audit   '@rolldown/binding-linux-x64-musl': [ '1.0.2' ],
34 silly audit   '@rolldown/binding-openharmony-arm64': [ '1.0.2' ],
34 silly audit   '@rolldown/binding-wasm32-wasi': [ '1.0.2' ],
34 silly audit   '@rolldown/binding-win32-arm64-msvc': [ '1.0.2' ],
34 silly audit   '@rolldown/binding-win32-x64-msvc': [ '1.0.2' ],
34 silly audit   '@rolldown/pluginutils': [ '1.0.1' ],
34 silly audit   '@tybys/wasm-util': [ '0.10.2' ],
34 silly audit   '@types/esrecurse': [ '4.3.1' ],
34 silly audit   '@types/estree': [ '1.0.9' ],
34 silly audit   '@types/json-schema': [ '7.0.15' ],
34 silly audit   '@types/react': [ '19.2.15' ],
34 silly audit   '@types/react-dom': [ '19.2.3' ],
34 silly audit   '@vitejs/plugin-react': [ '6.0.2' ],
34 silly audit   acorn: [ '8.16.0' ],
34 silly audit   'acorn-jsx': [ '5.3.2' ],
34 silly audit   ajv: [ '6.15.0' ],
34 silly audit   'balanced-match': [ '4.0.4' ],
34 silly audit   'baseline-browser-mapping': [ '2.10.32' ],
34 silly audit   'brace-expansion': [ '5.0.6' ],
34 silly audit   browserslist: [ '4.28.2' ],
34 silly audit   'caniuse-lite': [ '1.0.30001793' ],
34 silly audit   'convert-source-map': [ '2.0.0' ],
34 silly audit   'cross-spawn': [ '7.0.6' ],
34 silly audit   csstype: [ '3.2.3' ],
34 silly audit   debug: [ '4.4.3' ],
34 silly audit   'deep-is': [ '0.1.4' ],
34 silly audit   'detect-libc': [ '2.1.2' ],
34 silly audit   'electron-to-chromium': [ '1.5.361' ],
34 silly audit   escalade: [ '3.2.0' ],
34 silly audit   'escape-string-regexp': [ '4.0.0' ],
34 silly audit   eslint: [ '10.4.0' ],
34 silly audit   'eslint-plugin-react-hooks': [ '7.1.1' ],
34 silly audit   'eslint-plugin-react-refresh': [ '0.5.2' ],
34 silly audit   'eslint-scope': [ '9.1.2' ],
34 silly audit   espree: [ '11.2.0' ],
34 silly audit   esquery: [ '1.7.0' ],
34 silly audit   esrecurse: [ '4.3.0' ],
34 silly audit   estraverse: [ '5.3.0' ],
34 silly audit   esutils: [ '2.0.3' ],
34 silly audit   'fast-deep-equal': [ '3.1.3' ],
34 silly audit   'fast-json-stable-stringify': [ '2.1.0' ],
34 silly audit   'fast-levenshtein': [ '2.0.6' ],
34 silly audit   fdir: [ '6.5.0' ],
34 silly audit   'file-entry-cache': [ '8.0.0' ],
34 silly audit   'find-up': [ '5.0.0' ],
34 silly audit   'flat-cache': [ '4.0.1' ],
34 silly audit   flatted: [ '3.4.2' ],
34 silly audit   fsevents: [ '2.3.3' ],
34 silly audit   gensync: [ '1.0.0-beta.2' ],
34 silly audit   'glob-parent': [ '6.0.2' ],
34 silly audit   globals: [ '17.6.0' ],
34 silly audit   'hermes-estree': [ '0.25.1' ],
34 silly audit   'hermes-parser': [ '0.25.1' ],
34 silly audit   ignore: [ '5.3.2' ],
34 silly audit   imurmurhash: [ '0.1.4' ],
34 silly audit   'is-extglob': [ '2.1.1' ],
34 silly audit   'is-glob': [ '4.0.3' ],
34 silly audit   isexe: [ '2.0.0' ],
34 silly audit   'js-tokens': [ '4.0.0' ],
34 silly audit   jsesc: [ '3.1.0' ],
34 silly audit   'json-buffer': [ '3.0.1' ],
34 silly audit   'json-schema-traverse': [ '0.4.1' ],
34 silly audit   'json-stable-stringify-without-jsonify': [ '1.0.1' ],
34 silly audit   json5: [ '2.2.3' ],
34 silly audit   keyv: [ '4.5.4' ],
34 silly audit   levn: [ '0.4.1' ],
34 silly audit   lightningcss: [ '1.32.0' ],
34 silly audit   'lightningcss-android-arm64': [ '1.32.0' ],
34 silly audit   'lightningcss-darwin-arm64': [ '1.32.0' ],
34 silly audit   'lightningcss-darwin-x64': [ '1.32.0' ],
34 silly audit   'lightningcss-freebsd-x64': [ '1.32.0' ],
34 silly audit   'lightningcss-linux-arm-gnueabihf': [ '1.32.0' ],
34 silly audit   'lightningcss-linux-arm64-gnu': [ '1.32.0' ],
34 silly audit   'lightningcss-linux-arm64-musl': [ '1.32.0' ],
34 silly audit   'lightningcss-linux-x64-gnu': [ '1.32.0' ],
34 silly audit   'lightningcss-linux-x64-musl': [ '1.32.0' ],
34 silly audit   'lightningcss-win32-arm64-msvc': [ '1.32.0' ],
34 silly audit   'lightningcss-win32-x64-msvc': [ '1.32.0' ],
34 silly audit   'locate-path': [ '6.0.0' ],
34 silly audit   'lru-cache': [ '5.1.1' ],
34 silly audit   minimatch: [ '10.2.5' ],
34 silly audit   ms: [ '2.1.3' ],
34 silly audit   nanoid: [ '3.3.12' ],
34 silly audit   'natural-compare': [ '1.4.0' ],
34 silly audit   'node-releases': [ '2.0.46' ],
34 silly audit   optionator: [ '0.9.4' ],
34 silly audit   'p-limit': [ '3.1.0' ],
34 silly audit   'p-locate': [ '5.0.0' ],
34 silly audit   'path-exists': [ '4.0.0' ],
34 silly audit   'path-key': [ '3.1.1' ],
34 silly audit   picocolors: [ '1.1.1' ],
34 silly audit   picomatch: [ '4.0.4' ],
34 silly audit   postcss: [ '8.5.15' ],
34 silly audit   'prelude-ls': [ '1.2.1' ],
34 silly audit   punycode: [ '2.3.1' ],
34 silly audit   react: [ '19.2.6' ],
34 silly audit   'react-dom': [ '19.2.6' ],
34 silly audit   rolldown: [ '1.0.2' ],
34 silly audit   scheduler: [ '0.27.0' ],
34 silly audit   semver: [ '6.3.1' ],
34 silly audit   'shebang-command': [ '2.0.0' ],
34 silly audit   'shebang-regex': [ '3.0.0' ],
34 silly audit   'source-map-js': [ '1.2.1' ],
34 silly audit   tinyglobby: [ '0.2.16' ],
34 silly audit   tslib: [ '2.8.1' ],
34 silly audit   'type-check': [ '0.4.0' ],
34 silly audit   'update-browserslist-db': [ '1.2.3' ],
34 silly audit   'uri-js': [ '4.4.1' ],
34 silly audit   vite: [ '8.0.14' ],
34 silly audit   which: [ '2.0.2' ],
34 silly audit   'word-wrap': [ '1.2.5' ],
34 silly audit   yallist: [ '3.1.1' ],
34 silly audit   'yocto-queue': [ '0.1.0' ],
34 silly audit   zod: [ '4.4.3' ],
34 silly audit   'zod-validation-error': [ '4.0.2' ],
34 silly audit   'lucide-react': [ '1.16.0' ]
34 silly audit }
35 verbose reify failed optional dependency D:\crop_site\frontend\node_modules\lightningcss-win32-arm64-msvc
36 silly reify mark deleted [
36 silly reify   'D:\\crop_site\\frontend\\node_modules\\lightningcss-win32-arm64-msvc'
36 silly reify ]
37 verbose reify failed optional dependency D:\crop_site\frontend\node_modules\lightningcss-linux-x64-musl
38 silly reify mark deleted [
38 silly reify   'D:\\crop_site\\frontend\\node_modules\\lightningcss-linux-x64-musl'
38 silly reify ]
39 verbose reify failed optional dependency D:\crop_site\frontend\node_modules\lightningcss-linux-x64-gnu
40 silly reify mark deleted [ 'D:\\crop_site\\frontend\\node_modules\\lightningcss-linux-x64-gnu' ]
41 verbose reify failed optional dependency D:\crop_site\frontend\node_modules\lightningcss-linux-arm64-musl
42 silly reify mark deleted [
42 silly reify   'D:\\crop_site\\frontend\\node_modules\\lightningcss-linux-arm64-musl'
42 silly reify ]
43 verbose reify failed optional dependency D:\crop_site\frontend\node_modules\lightningcss-linux-arm64-gnu
44 silly reify mark deleted [
44 silly reify   'D:\\crop_site\\frontend\\node_modules\\lightningcss-linux-arm64-gnu'
44 silly reify ]
45 verbose reify failed optional dependency D:\crop_site\frontend\node_modules\lightningcss-linux-arm-gnueabihf
46 silly reify mark deleted [
46 silly reify   'D:\\crop_site\\frontend\\node_modules\\lightningcss-linux-arm-gnueabihf'
46 silly reify ]
47 verbose reify failed optional dependency D:\crop_site\frontend\node_modules\lightningcss-freebsd-x64
48 silly reify mark deleted [ 'D:\\crop_site\\frontend\\node_modules\\lightningcss-freebsd-x64' ]
49 verbose reify failed optional dependency D:\crop_site\frontend\node_modules\lightningcss-darwin-x64
50 silly reify mark deleted [ 'D:\\crop_site\\frontend\\node_modules\\lightningcss-darwin-x64' ]
51 verbose reify failed optional dependency D:\crop_site\frontend\node_modules\lightningcss-darwin-arm64
52 silly reify mark deleted [ 'D:\\crop_site\\frontend\\node_modules\\lightningcss-darwin-arm64' ]
53 verbose reify failed optional dependency D:\crop_site\frontend\node_modules\lightningcss-android-arm64
54 silly reify mark deleted [ 'D:\\crop_site\\frontend\\node_modules\\lightningcss-android-arm64' ]
55 verbose reify failed optional dependency D:\crop_site\frontend\node_modules\fsevents
56 silly reify mark deleted [ 'D:\\crop_site\\frontend\\node_modules\\fsevents' ]
57 verbose reify failed optional dependency D:\crop_site\frontend\node_modules\@rolldown\binding-win32-arm64-msvc
58 silly reify mark deleted [
58 silly reify   'D:\\crop_site\\frontend\\node_modules\\@rolldown\\binding-win32-arm64-msvc'
58 silly reify ]
59 verbose reify failed optional dependency D:\crop_site\frontend\node_modules\@rolldown\binding-wasm32-wasi
60 silly reify mark deleted [
60 silly reify   'D:\\crop_site\\frontend\\node_modules\\@rolldown\\binding-wasm32-wasi'
60 silly reify ]
61 verbose reify failed optional dependency D:\crop_site\frontend\node_modules\@emnapi\core
62 silly reify mark deleted [ 'D:\\crop_site\\frontend\\node_modules\\@emnapi\\core' ]
63 verbose reify failed optional dependency D:\crop_site\frontend\node_modules\@emnapi\runtime
64 silly reify mark deleted [ 'D:\\crop_site\\frontend\\node_modules\\@emnapi\\runtime' ]
65 verbose reify failed optional dependency D:\crop_site\frontend\node_modules\@napi-rs\wasm-runtime
66 silly reify mark deleted [ 'D:\\crop_site\\frontend\\node_modules\\@napi-rs\\wasm-runtime' ]
67 verbose reify failed optional dependency D:\crop_site\frontend\node_modules\@emnapi\wasi-threads
68 silly reify mark deleted [ 'D:\\crop_site\\frontend\\node_modules\\@emnapi\\wasi-threads' ]
69 verbose reify failed optional dependency D:\crop_site\frontend\node_modules\tslib
70 silly reify mark deleted [ 'D:\\crop_site\\frontend\\node_modules\\tslib' ]
71 verbose reify failed optional dependency D:\crop_site\frontend\node_modules\@tybys\wasm-util
72 silly reify mark deleted [ 'D:\\crop_site\\frontend\\node_modules\\@tybys\\wasm-util' ]
73 verbose reify failed optional dependency D:\crop_site\frontend\node_modules\@rolldown\binding-openharmony-arm64
74 silly reify mark deleted [
74 silly reify   'D:\\crop_site\\frontend\\node_modules\\@rolldown\\binding-openharmony-arm64'
74 silly reify ]
75 verbose reify failed optional dependency D:\crop_site\frontend\node_modules\@rolldown\binding-linux-x64-musl
76 silly reify mark deleted [
76 silly reify   'D:\\crop_site\\frontend\\node_modules\\@rolldown\\binding-linux-x64-musl'
76 silly reify ]
77 verbose reify failed optional dependency D:\crop_site\frontend\node_modules\@rolldown\binding-linux-x64-gnu
78 silly reify mark deleted [
78 silly reify   'D:\\crop_site\\frontend\\node_modules\\@rolldown\\binding-linux-x64-gnu'
78 silly reify ]
79 verbose reify failed optional dependency D:\crop_site\frontend\node_modules\@rolldown\binding-linux-s390x-gnu
80 silly reify mark deleted [
80 silly reify   'D:\\crop_site\\frontend\\node_modules\\@rolldown\\binding-linux-s390x-gnu'
80 silly reify ]
81 verbose reify failed optional dependency D:\crop_site\frontend\node_modules\@rolldown\binding-linux-ppc64-gnu
82 silly reify mark deleted [
82 silly reify   'D:\\crop_site\\frontend\\node_modules\\@rolldown\\binding-linux-ppc64-gnu'
82 silly reify ]
83 verbose reify failed optional dependency D:\crop_site\frontend\node_modules\@rolldown\binding-linux-arm64-musl
84 silly reify mark deleted [
84 silly reify   'D:\\crop_site\\frontend\\node_modules\\@rolldown\\binding-linux-arm64-musl'
84 silly reify ]
85 verbose reify failed optional dependency D:\crop_site\frontend\node_modules\@rolldown\binding-linux-arm64-gnu
86 silly reify mark deleted [
86 silly reify   'D:\\crop_site\\frontend\\node_modules\\@rolldown\\binding-linux-arm64-gnu'
86 silly reify ]
87 verbose reify failed optional dependency D:\crop_site\frontend\node_modules\@rolldown\binding-linux-arm-gnueabihf
88 silly reify mark deleted [
88 silly reify   'D:\\crop_site\\frontend\\node_modules\\@rolldown\\binding-linux-arm-gnueabihf'
88 silly reify ]
89 verbose reify failed optional dependency D:\crop_site\frontend\node_modules\@rolldown\binding-freebsd-x64
90 silly reify mark deleted [
90 silly reify   'D:\\crop_site\\frontend\\node_modules\\@rolldown\\binding-freebsd-x64'
90 silly reify ]
91 verbose reify failed optional dependency D:\crop_site\frontend\node_modules\@rolldown\binding-darwin-x64
92 silly reify mark deleted [
92 silly reify   'D:\\crop_site\\frontend\\node_modules\\@rolldown\\binding-darwin-x64'
92 silly reify ]
93 verbose reify failed optional dependency D:\crop_site\frontend\node_modules\@rolldown\binding-darwin-arm64
94 silly reify mark deleted [
94 silly reify   'D:\\crop_site\\frontend\\node_modules\\@rolldown\\binding-darwin-arm64'
94 silly reify ]
95 verbose reify failed optional dependency D:\crop_site\frontend\node_modules\@rolldown\binding-android-arm64
96 silly reify mark deleted [
96 silly reify   'D:\\crop_site\\frontend\\node_modules\\@rolldown\\binding-android-arm64'
96 silly reify ]
97 http cache @tybys/wasm-util@https://registry.npmjs.org/@tybys/wasm-util/-/wasm-util-0.10.2.tgz 0ms (cache hit)
98 http cache @emnapi/wasi-threads@https://registry.npmjs.org/@emnapi/wasi-threads/-/wasi-threads-1.2.1.tgz 0ms (cache hit)
99 http cache lucide-react@https://registry.npmjs.org/lucide-react/-/lucide-react-1.16.0.tgz 0ms (cache hit)
100 http cache tslib@https://registry.npmjs.org/tslib/-/tslib-2.8.1.tgz 0ms (cache hit)
101 silly tarball no local data for lucide-react@https://registry.npmjs.org/lucide-react/-/lucide-react-1.16.0.tgz. Extracting by manifest.
102 http cache @emnapi/runtime@https://registry.npmjs.org/@emnapi/runtime/-/runtime-1.10.0.tgz 0ms (cache hit)
103 http cache @napi-rs/wasm-runtime@https://registry.npmjs.org/@napi-rs/wasm-runtime/-/wasm-runtime-1.1.4.tgz 0ms (cache hit)
104 http cache @emnapi/core@https://registry.npmjs.org/@emnapi/core/-/core-1.10.0.tgz 0ms (cache hit)
105 http fetch POST 200 https://registry.npmjs.org/-/npm/v1/security/advisories/bulk 309ms
106 silly audit report {}
107 http fetch GET 200 https://registry.npmjs.org/lucide-react/-/lucide-react-1.16.0.tgz 79328ms (cache miss)
108 silly ADD node_modules/lucide-react
109 silly ADD
110 silly ADD
111 silly ADD
112 silly ADD
113 silly ADD
114 silly ADD
115 silly ADD
116 silly ADD
117 silly ADD
118 silly ADD
119 silly ADD
120 silly ADD
121 silly ADD
122 silly ADD
123 silly ADD
124 silly ADD
125 silly ADD
126 silly ADD
127 silly ADD
128 silly ADD
129 silly ADD
130 silly ADD
131 silly ADD
132 silly ADD
133 silly ADD
134 silly ADD
135 silly ADD
136 silly ADD
137 silly ADD
138 silly ADD
139 silly ADD
140 verbose cwd D:\crop_site\frontend
141 verbose os Windows_NT 10.0.26100
142 verbose node v22.12.0
143 verbose npm  v11.0.0
144 verbose exit 0
145 info ok
